// Jest Snapshot v1, https://goo.gl/fbAQLP

exports[`Test in component EntryList It must show the getEntriesByTerm without term and show 2 entries 1`] = `
<div class="entry-list-container" entry="[object Object]">
  <div class="px-2 pt-2"><input type="text" class="form-control" placeholder="Buscar entrada"></div>
  <div class="mt-2 d-flex flex-column"><button class="btn btn-primary mx-3"><i class="fas fa-plus-circle"></i> Nueva Entrada </button></div>
  <div class="entry-scrollbar">
    <entry-stub entry="[object Object]"></entry-stub>
    <entry-stub entry="[object Object]"></entry-stub>
  </div>
</div>
`;
