// Jest Snapshot v1, https://goo.gl/fbAQLP

exports[`Tests Navbar Component should match snapshot 1`] = `
<nav class="navbar bg-primary"><a class="navbar-brand text-white" href=""><img src="" alt="Vue logo" height="24" class="d-inline-block align-text-top mx-2"> Test</a>
  <div class="d-flex"><button class="btn btn-outline-light mx-2"><i class="fas fa-sign-out-alt"></i></button><button class="btn btn-outline-light mx-2">Register</button></div>
</nav>
`;
