// Jest Snapshot v1, https://goo.gl/fbAQLP

exports[`Test in component EntryView You must show the entry 1`] = `
<div class="entry-title d-flex justify-content-between p-2">
  <div><span class="text-success fs-3 fw-bold">13</span><span class="mx-1 fs-3">Marzo</span><span class="mx-2 fs-4 fw-light">2023, Lunes</span></div>
  <div><input type="file" accept="image/png, image/jpeg" style="display: none;"><button class="btn btn-danger mx-2"> Borrar <i class="fas fa-trash-alt"></i></button><button class="btn btn-primary"> Subir foto <i class="fas fa-upload"></i></button></div>
</div>
<hr>
<div class="d-flex flex-column px-3 h-75"><textarea placeholder="¿Qué sucedió ahora"></textarea></div>
<!--v-if-->
<!--v-if-->
<fab-stub icon="fa-save"></fab-stub>
`;
