// Jest Snapshot v1, https://goo.gl/fbAQLP

exports[`Test in component HomeView render the component correctly 1`] = `
<div class="home"><img alt="Vue logo" src=""></div>
<h1>Hola VUE</h1>
<button class="btn btn-primary">Primary</button>
`;
